// Jest Snapshot v1, https://goo.gl/fbAQLP

exports[`Issues Component Snapshots renders correctly 1`] = `<View />`;

exports[`Issues Component Snapshots renders correctly when issues present 1`] = `
<View>
  <Issue
    issue={
      Object {
        "bodyText": "",
        "id": "",
        "reactions": Array [],
        "title": "",
        "url": "",
      }
    }
  />
</View>
`;
