// Jest Snapshot v1, https://goo.gl/fbAQLP

exports[`LoginForm Snapshots renders correctly 1`] = `
<View
  style={undefined}
>
  <View
    style={
      Object {
        "marginBottom": 10,
        "minHeight": 50,
      }
    }
  >
    <Text
      accessible={true}
      allowFontScaling={true}
      disabled={false}
      ellipsizeMode="tail"
    >
      Email
    </Text>
    <TextInput
      name="email"
      onBlur={[Function]}
      onChange={[Function]}
      onDragStart={[Function]}
      onDrop={[Function]}
      onFocus={[Function]}
      placeholder="Email"
      style={
        Object {
          "height": 50,
        }
      }
      type="email"
      value=""
    />
  </View>
  <View
    style={
      Object {
        "marginBottom": 10,
        "minHeight": 50,
      }
    }
  >
    <Text
      accessible={true}
      allowFontScaling={true}
      disabled={false}
      ellipsizeMode="tail"
    >
      Password
    </Text>
    <TextInput
      name="password"
      onBlur={[Function]}
      onChange={[Function]}
      onDragStart={[Function]}
      onDrop={[Function]}
      onFocus={[Function]}
      placeholder="Password"
      style={
        Object {
          "height": 50,
        }
      }
      type="password"
      value=""
    />
  </View>
  <View
    accessibilityComponentType="button"
    accessibilityLabel={undefined}
    accessibilityTraits={
      Array [
        "button",
        "disabled",
      ]
    }
    accessible={true}
    hitSlop={undefined}
    isTVSelectable={true}
    nativeID={undefined}
    onLayout={undefined}
    onResponderGrant={[Function]}
    onResponderMove={[Function]}
    onResponderRelease={[Function]}
    onResponderTerminate={[Function]}
    onResponderTerminationRequest={[Function]}
    onStartShouldSetResponder={[Function]}
    style={
      Object {
        "opacity": 1,
      }
    }
    testID={undefined}
    tvParallaxProperties={undefined}
  >
    <View
      style={
        Array [
          Object {},
          Object {},
        ]
      }
    >
      <Text
        accessible={true}
        allowFontScaling={true}
        disabled={true}
        ellipsizeMode="tail"
        style={
          Array [
            Object {
              "color": "#0C42FD",
              "fontSize": 18,
              "padding": 8,
              "textAlign": "center",
            },
            Object {
              "color": "#cdcdcd",
            },
          ]
        }
      >
        Submit
      </Text>
    </View>
  </View>
</View>
`;

exports[`LoginForm Snapshots renders correctly when not pristine and not submitting 1`] = `
<View
  style={undefined}
>
  <View
    style={
      Object {
        "marginBottom": 10,
        "minHeight": 50,
      }
    }
  >
    <Text
      accessible={true}
      allowFontScaling={true}
      disabled={false}
      ellipsizeMode="tail"
    >
      Email
    </Text>
    <TextInput
      name="email"
      onBlur={[Function]}
      onChange={[Function]}
      onDragStart={[Function]}
      onDrop={[Function]}
      onFocus={[Function]}
      placeholder="Email"
      style={
        Object {
          "height": 50,
        }
      }
      type="email"
      value=""
    />
  </View>
  <View
    style={
      Object {
        "marginBottom": 10,
        "minHeight": 50,
      }
    }
  >
    <Text
      accessible={true}
      allowFontScaling={true}
      disabled={false}
      ellipsizeMode="tail"
    >
      Password
    </Text>
    <TextInput
      name="password"
      onBlur={[Function]}
      onChange={[Function]}
      onDragStart={[Function]}
      onDrop={[Function]}
      onFocus={[Function]}
      placeholder="Password"
      style={
        Object {
          "height": 50,
        }
      }
      type="password"
      value=""
    />
  </View>
  <View
    accessibilityComponentType="button"
    accessibilityLabel={undefined}
    accessibilityTraits={
      Array [
        "button",
        "disabled",
      ]
    }
    accessible={true}
    hitSlop={undefined}
    isTVSelectable={true}
    nativeID={undefined}
    onLayout={undefined}
    onResponderGrant={[Function]}
    onResponderMove={[Function]}
    onResponderRelease={[Function]}
    onResponderTerminate={[Function]}
    onResponderTerminationRequest={[Function]}
    onStartShouldSetResponder={[Function]}
    style={
      Object {
        "opacity": 1,
      }
    }
    testID={undefined}
    tvParallaxProperties={undefined}
  >
    <View
      style={
        Array [
          Object {},
          Object {},
        ]
      }
    >
      <Text
        accessible={true}
        allowFontScaling={true}
        disabled={true}
        ellipsizeMode="tail"
        style={
          Array [
            Object {
              "color": "#0C42FD",
              "fontSize": 18,
              "padding": 8,
              "textAlign": "center",
            },
            Object {
              "color": "#cdcdcd",
            },
          ]
        }
      >
        Submit
      </Text>
    </View>
  </View>
</View>
`;

exports[`LoginForm Snapshots renders correctly when pristine and not submitting 1`] = `
<View
  style={undefined}
>
  <View
    style={
      Object {
        "marginBottom": 10,
        "minHeight": 50,
      }
    }
  >
    <Text
      accessible={true}
      allowFontScaling={true}
      disabled={false}
      ellipsizeMode="tail"
    >
      Email
    </Text>
    <TextInput
      name="email"
      onBlur={[Function]}
      onChange={[Function]}
      onDragStart={[Function]}
      onDrop={[Function]}
      onFocus={[Function]}
      placeholder="Email"
      style={
        Object {
          "height": 50,
        }
      }
      type="email"
      value=""
    />
  </View>
  <View
    style={
      Object {
        "marginBottom": 10,
        "minHeight": 50,
      }
    }
  >
    <Text
      accessible={true}
      allowFontScaling={true}
      disabled={false}
      ellipsizeMode="tail"
    >
      Password
    </Text>
    <TextInput
      name="password"
      onBlur={[Function]}
      onChange={[Function]}
      onDragStart={[Function]}
      onDrop={[Function]}
      onFocus={[Function]}
      placeholder="Password"
      style={
        Object {
          "height": 50,
        }
      }
      type="password"
      value=""
    />
  </View>
  <View
    accessibilityComponentType="button"
    accessibilityLabel={undefined}
    accessibilityTraits={
      Array [
        "button",
        "disabled",
      ]
    }
    accessible={true}
    hitSlop={undefined}
    isTVSelectable={true}
    nativeID={undefined}
    onLayout={undefined}
    onResponderGrant={[Function]}
    onResponderMove={[Function]}
    onResponderRelease={[Function]}
    onResponderTerminate={[Function]}
    onResponderTerminationRequest={[Function]}
    onStartShouldSetResponder={[Function]}
    style={
      Object {
        "opacity": 1,
      }
    }
    testID={undefined}
    tvParallaxProperties={undefined}
  >
    <View
      style={
        Array [
          Object {},
          Object {},
        ]
      }
    >
      <Text
        accessible={true}
        allowFontScaling={true}
        disabled={true}
        ellipsizeMode="tail"
        style={
          Array [
            Object {
              "color": "#0C42FD",
              "fontSize": 18,
              "padding": 8,
              "textAlign": "center",
            },
            Object {
              "color": "#cdcdcd",
            },
          ]
        }
      >
        Submit
      </Text>
    </View>
  </View>
</View>
`;

exports[`LoginForm Snapshots renders correctly when submitting and not pristine 1`] = `
<View
  style={undefined}
>
  <View
    style={
      Object {
        "marginBottom": 10,
        "minHeight": 50,
      }
    }
  >
    <Text
      accessible={true}
      allowFontScaling={true}
      disabled={false}
      ellipsizeMode="tail"
    >
      Email
    </Text>
    <TextInput
      name="email"
      onBlur={[Function]}
      onChange={[Function]}
      onDragStart={[Function]}
      onDrop={[Function]}
      onFocus={[Function]}
      placeholder="Email"
      style={
        Object {
          "height": 50,
        }
      }
      type="email"
      value=""
    />
  </View>
  <View
    style={
      Object {
        "marginBottom": 10,
        "minHeight": 50,
      }
    }
  >
    <Text
      accessible={true}
      allowFontScaling={true}
      disabled={false}
      ellipsizeMode="tail"
    >
      Password
    </Text>
    <TextInput
      name="password"
      onBlur={[Function]}
      onChange={[Function]}
      onDragStart={[Function]}
      onDrop={[Function]}
      onFocus={[Function]}
      placeholder="Password"
      style={
        Object {
          "height": 50,
        }
      }
      type="password"
      value=""
    />
  </View>
  <View
    accessibilityComponentType="button"
    accessibilityLabel={undefined}
    accessibilityTraits={
      Array [
        "button",
        "disabled",
      ]
    }
    accessible={true}
    hitSlop={undefined}
    isTVSelectable={true}
    nativeID={undefined}
    onLayout={undefined}
    onResponderGrant={[Function]}
    onResponderMove={[Function]}
    onResponderRelease={[Function]}
    onResponderTerminate={[Function]}
    onResponderTerminationRequest={[Function]}
    onStartShouldSetResponder={[Function]}
    style={
      Object {
        "opacity": 1,
      }
    }
    testID={undefined}
    tvParallaxProperties={undefined}
  >
    <View
      style={
        Array [
          Object {},
          Object {},
        ]
      }
    >
      <Text
        accessible={true}
        allowFontScaling={true}
        disabled={true}
        ellipsizeMode="tail"
        style={
          Array [
            Object {
              "color": "#0C42FD",
              "fontSize": 18,
              "padding": 8,
              "textAlign": "center",
            },
            Object {
              "color": "#cdcdcd",
            },
          ]
        }
      >
        Submit
      </Text>
    </View>
  </View>
</View>
`;
